................................................sss.....sss.sss......... [ 52%]
..................................................................       [100%]
129 passed, 9 skipped, 18 warnings in 44.84s


# Luckson Chanda.